Archive member included to satisfy reference by file (symbol)

c:/users/lisha/.eide/tools/gcc_arm/bin/../lib/gcc/arm-none-eabi/8.3.1/../../../../arm-none-eabi/lib/thumb/v7-m/nofp\libc.a(lib_a-exit.o)
                              c:/users/lisha/.eide/tools/gcc_arm/bin/../lib/gcc/arm-none-eabi/8.3.1/../../../../arm-none-eabi/lib/thumb/v7-m/nofp/crt0.o (exit)
c:/users/lisha/.eide/tools/gcc_arm/bin/../lib/gcc/arm-none-eabi/8.3.1/../../../../arm-none-eabi/lib/thumb/v7-m/nofp\libc.a(lib_a-impure.o)
                              c:/users/lisha/.eide/tools/gcc_arm/bin/../lib/gcc/arm-none-eabi/8.3.1/../../../../arm-none-eabi/lib/thumb/v7-m/nofp\libc.a(lib_a-exit.o) (_global_impure_ptr)
c:/users/lisha/.eide/tools/gcc_arm/bin/../lib/gcc/arm-none-eabi/8.3.1/../../../../arm-none-eabi/lib/thumb/v7-m/nofp\libc.a(lib_a-init.o)
                              c:/users/lisha/.eide/tools/gcc_arm/bin/../lib/gcc/arm-none-eabi/8.3.1/../../../../arm-none-eabi/lib/thumb/v7-m/nofp/crt0.o (__libc_init_array)
c:/users/lisha/.eide/tools/gcc_arm/bin/../lib/gcc/arm-none-eabi/8.3.1/../../../../arm-none-eabi/lib/thumb/v7-m/nofp\libc.a(lib_a-memset.o)
                              c:/users/lisha/.eide/tools/gcc_arm/bin/../lib/gcc/arm-none-eabi/8.3.1/../../../../arm-none-eabi/lib/thumb/v7-m/nofp/crt0.o (memset)
c:/users/lisha/.eide/tools/gcc_arm/bin/../lib/gcc/arm-none-eabi/8.3.1/../../../../arm-none-eabi/lib/thumb/v7-m/nofp\libc.a(lib_a-__call_atexit.o)
                              c:/users/lisha/.eide/tools/gcc_arm/bin/../lib/gcc/arm-none-eabi/8.3.1/../../../../arm-none-eabi/lib/thumb/v7-m/nofp\libc.a(lib_a-exit.o) (__call_exitprocs)
c:/users/lisha/.eide/tools/gcc_arm/bin/../lib/gcc/arm-none-eabi/8.3.1/../../../../arm-none-eabi/lib/thumb/v7-m/nofp\libc.a(lib_a-atexit.o)
                              c:/users/lisha/.eide/tools/gcc_arm/bin/../lib/gcc/arm-none-eabi/8.3.1/../../../../arm-none-eabi/lib/thumb/v7-m/nofp\libc.a(lib_a-__call_atexit.o) (atexit)
c:/users/lisha/.eide/tools/gcc_arm/bin/../lib/gcc/arm-none-eabi/8.3.1/../../../../arm-none-eabi/lib/thumb/v7-m/nofp\libc.a(lib_a-fini.o)
                              c:/users/lisha/.eide/tools/gcc_arm/bin/../lib/gcc/arm-none-eabi/8.3.1/../../../../arm-none-eabi/lib/thumb/v7-m/nofp\libc.a(lib_a-__call_atexit.o) (__libc_fini_array)
c:/users/lisha/.eide/tools/gcc_arm/bin/../lib/gcc/arm-none-eabi/8.3.1/../../../../arm-none-eabi/lib/thumb/v7-m/nofp\libc.a(lib_a-lock.o)
                              c:/users/lisha/.eide/tools/gcc_arm/bin/../lib/gcc/arm-none-eabi/8.3.1/../../../../arm-none-eabi/lib/thumb/v7-m/nofp\libc.a(lib_a-__call_atexit.o) (__retarget_lock_acquire_recursive)
c:/users/lisha/.eide/tools/gcc_arm/bin/../lib/gcc/arm-none-eabi/8.3.1/../../../../arm-none-eabi/lib/thumb/v7-m/nofp\libc.a(lib_a-__atexit.o)
                              c:/users/lisha/.eide/tools/gcc_arm/bin/../lib/gcc/arm-none-eabi/8.3.1/../../../../arm-none-eabi/lib/thumb/v7-m/nofp\libc.a(lib_a-atexit.o) (__register_exitproc)
c:/users/lisha/.eide/tools/gcc_arm/bin/../lib/gcc/arm-none-eabi/8.3.1/../../../../arm-none-eabi/lib/thumb/v7-m/nofp\libnosys.a(_exit.o)
                              c:/users/lisha/.eide/tools/gcc_arm/bin/../lib/gcc/arm-none-eabi/8.3.1/../../../../arm-none-eabi/lib/thumb/v7-m/nofp\libc.a(lib_a-exit.o) (_exit)

Allocating common symbols
Common symbol       size              file

__lock___atexit_recursive_mutex
                    0x1               c:/users/lisha/.eide/tools/gcc_arm/bin/../lib/gcc/arm-none-eabi/8.3.1/../../../../arm-none-eabi/lib/thumb/v7-m/nofp\libc.a(lib_a-lock.o)
__lock___arc4random_mutex
                    0x1               c:/users/lisha/.eide/tools/gcc_arm/bin/../lib/gcc/arm-none-eabi/8.3.1/../../../../arm-none-eabi/lib/thumb/v7-m/nofp\libc.a(lib_a-lock.o)
__lock___env_recursive_mutex
                    0x1               c:/users/lisha/.eide/tools/gcc_arm/bin/../lib/gcc/arm-none-eabi/8.3.1/../../../../arm-none-eabi/lib/thumb/v7-m/nofp\libc.a(lib_a-lock.o)
__lock___sinit_recursive_mutex
                    0x1               c:/users/lisha/.eide/tools/gcc_arm/bin/../lib/gcc/arm-none-eabi/8.3.1/../../../../arm-none-eabi/lib/thumb/v7-m/nofp\libc.a(lib_a-lock.o)
__lock___malloc_recursive_mutex
                    0x1               c:/users/lisha/.eide/tools/gcc_arm/bin/../lib/gcc/arm-none-eabi/8.3.1/../../../../arm-none-eabi/lib/thumb/v7-m/nofp\libc.a(lib_a-lock.o)
__lock___at_quick_exit_mutex
                    0x1               c:/users/lisha/.eide/tools/gcc_arm/bin/../lib/gcc/arm-none-eabi/8.3.1/../../../../arm-none-eabi/lib/thumb/v7-m/nofp\libc.a(lib_a-lock.o)
__lock___dd_hash_mutex
                    0x1               c:/users/lisha/.eide/tools/gcc_arm/bin/../lib/gcc/arm-none-eabi/8.3.1/../../../../arm-none-eabi/lib/thumb/v7-m/nofp\libc.a(lib_a-lock.o)
__lock___tz_mutex   0x1               c:/users/lisha/.eide/tools/gcc_arm/bin/../lib/gcc/arm-none-eabi/8.3.1/../../../../arm-none-eabi/lib/thumb/v7-m/nofp\libc.a(lib_a-lock.o)
__lock___sfp_recursive_mutex
                    0x1               c:/users/lisha/.eide/tools/gcc_arm/bin/../lib/gcc/arm-none-eabi/8.3.1/../../../../arm-none-eabi/lib/thumb/v7-m/nofp\libc.a(lib_a-lock.o)

Discarded input sections

 .text          0x00000000        0x0 c:/users/lisha/.eide/tools/gcc_arm/bin/../lib/gcc/arm-none-eabi/8.3.1/thumb/v7-m/nofp/crti.o
 .data          0x00000000        0x0 c:/users/lisha/.eide/tools/gcc_arm/bin/../lib/gcc/arm-none-eabi/8.3.1/thumb/v7-m/nofp/crti.o
 .bss           0x00000000        0x0 c:/users/lisha/.eide/tools/gcc_arm/bin/../lib/gcc/arm-none-eabi/8.3.1/thumb/v7-m/nofp/crti.o
 .data          0x00000000        0x4 c:/users/lisha/.eide/tools/gcc_arm/bin/../lib/gcc/arm-none-eabi/8.3.1/thumb/v7-m/nofp/crtbegin.o
 .text          0x00000000       0x74 c:/users/lisha/.eide/tools/gcc_arm/bin/../lib/gcc/arm-none-eabi/8.3.1/../../../../arm-none-eabi/lib/thumb/v7-m/nofp/crt0.o
 .data          0x00000000        0x0 c:/users/lisha/.eide/tools/gcc_arm/bin/../lib/gcc/arm-none-eabi/8.3.1/../../../../arm-none-eabi/lib/thumb/v7-m/nofp/crt0.o
 .bss           0x00000000        0x0 c:/users/lisha/.eide/tools/gcc_arm/bin/../lib/gcc/arm-none-eabi/8.3.1/../../../../arm-none-eabi/lib/thumb/v7-m/nofp/crt0.o
 .ARM.extab     0x00000000        0x0 c:/users/lisha/.eide/tools/gcc_arm/bin/../lib/gcc/arm-none-eabi/8.3.1/../../../../arm-none-eabi/lib/thumb/v7-m/nofp/crt0.o
 .ARM.exidx     0x00000000        0x8 c:/users/lisha/.eide/tools/gcc_arm/bin/../lib/gcc/arm-none-eabi/8.3.1/../../../../arm-none-eabi/lib/thumb/v7-m/nofp/crt0.o
 .ARM.attributes
                0x00000000       0x1b c:/users/lisha/.eide/tools/gcc_arm/bin/../lib/gcc/arm-none-eabi/8.3.1/../../../../arm-none-eabi/lib/thumb/v7-m/nofp/crt0.o
 .text          0x00000000        0x0 c:/users/lisha/.eide/tools/gcc_arm/bin/../lib/gcc/arm-none-eabi/8.3.1/../../../../arm-none-eabi/lib/thumb/v7-m/nofp\libc.a(lib_a-exit.o)
 .data          0x00000000        0x0 c:/users/lisha/.eide/tools/gcc_arm/bin/../lib/gcc/arm-none-eabi/8.3.1/../../../../arm-none-eabi/lib/thumb/v7-m/nofp\libc.a(lib_a-exit.o)
 .bss           0x00000000        0x0 c:/users/lisha/.eide/tools/gcc_arm/bin/../lib/gcc/arm-none-eabi/8.3.1/../../../../arm-none-eabi/lib/thumb/v7-m/nofp\libc.a(lib_a-exit.o)
 .text.exit     0x00000000       0x20 c:/users/lisha/.eide/tools/gcc_arm/bin/../lib/gcc/arm-none-eabi/8.3.1/../../../../arm-none-eabi/lib/thumb/v7-m/nofp\libc.a(lib_a-exit.o)
 .debug_frame   0x00000000       0x28 c:/users/lisha/.eide/tools/gcc_arm/bin/../lib/gcc/arm-none-eabi/8.3.1/../../../../arm-none-eabi/lib/thumb/v7-m/nofp\libc.a(lib_a-exit.o)
 .ARM.attributes
                0x00000000       0x2d c:/users/lisha/.eide/tools/gcc_arm/bin/../lib/gcc/arm-none-eabi/8.3.1/../../../../arm-none-eabi/lib/thumb/v7-m/nofp\libc.a(lib_a-exit.o)
 .text          0x00000000        0x0 c:/users/lisha/.eide/tools/gcc_arm/bin/../lib/gcc/arm-none-eabi/8.3.1/../../../../arm-none-eabi/lib/thumb/v7-m/nofp\libc.a(lib_a-impure.o)
 .data          0x00000000        0x0 c:/users/lisha/.eide/tools/gcc_arm/bin/../lib/gcc/arm-none-eabi/8.3.1/../../../../arm-none-eabi/lib/thumb/v7-m/nofp\libc.a(lib_a-impure.o)
 .bss           0x00000000        0x0 c:/users/lisha/.eide/tools/gcc_arm/bin/../lib/gcc/arm-none-eabi/8.3.1/../../../../arm-none-eabi/lib/thumb/v7-m/nofp\libc.a(lib_a-impure.o)
 .data._impure_ptr
                0x00000000        0x4 c:/users/lisha/.eide/tools/gcc_arm/bin/../lib/gcc/arm-none-eabi/8.3.1/../../../../arm-none-eabi/lib/thumb/v7-m/nofp\libc.a(lib_a-impure.o)
 .text          0x00000000        0x0 c:/users/lisha/.eide/tools/gcc_arm/bin/../lib/gcc/arm-none-eabi/8.3.1/../../../../arm-none-eabi/lib/thumb/v7-m/nofp\libc.a(lib_a-init.o)
 .data          0x00000000        0x0 c:/users/lisha/.eide/tools/gcc_arm/bin/../lib/gcc/arm-none-eabi/8.3.1/../../../../arm-none-eabi/lib/thumb/v7-m/nofp\libc.a(lib_a-init.o)
 .bss           0x00000000        0x0 c:/users/lisha/.eide/tools/gcc_arm/bin/../lib/gcc/arm-none-eabi/8.3.1/../../../../arm-none-eabi/lib/thumb/v7-m/nofp\libc.a(lib_a-init.o)
 .text          0x00000000        0x0 c:/users/lisha/.eide/tools/gcc_arm/bin/../lib/gcc/arm-none-eabi/8.3.1/../../../../arm-none-eabi/lib/thumb/v7-m/nofp\libc.a(lib_a-memset.o)
 .data          0x00000000        0x0 c:/users/lisha/.eide/tools/gcc_arm/bin/../lib/gcc/arm-none-eabi/8.3.1/../../../../arm-none-eabi/lib/thumb/v7-m/nofp\libc.a(lib_a-memset.o)
 .bss           0x00000000        0x0 c:/users/lisha/.eide/tools/gcc_arm/bin/../lib/gcc/arm-none-eabi/8.3.1/../../../../arm-none-eabi/lib/thumb/v7-m/nofp\libc.a(lib_a-memset.o)
 .text.memset   0x00000000       0xa0 c:/users/lisha/.eide/tools/gcc_arm/bin/../lib/gcc/arm-none-eabi/8.3.1/../../../../arm-none-eabi/lib/thumb/v7-m/nofp\libc.a(lib_a-memset.o)
 .debug_frame   0x00000000       0x38 c:/users/lisha/.eide/tools/gcc_arm/bin/../lib/gcc/arm-none-eabi/8.3.1/../../../../arm-none-eabi/lib/thumb/v7-m/nofp\libc.a(lib_a-memset.o)
 .ARM.attributes
                0x00000000       0x2d c:/users/lisha/.eide/tools/gcc_arm/bin/../lib/gcc/arm-none-eabi/8.3.1/../../../../arm-none-eabi/lib/thumb/v7-m/nofp\libc.a(lib_a-memset.o)
 .text          0x00000000        0x0 c:/users/lisha/.eide/tools/gcc_arm/bin/../lib/gcc/arm-none-eabi/8.3.1/../../../../arm-none-eabi/lib/thumb/v7-m/nofp\libc.a(lib_a-__call_atexit.o)
 .data          0x00000000        0x0 c:/users/lisha/.eide/tools/gcc_arm/bin/../lib/gcc/arm-none-eabi/8.3.1/../../../../arm-none-eabi/lib/thumb/v7-m/nofp\libc.a(lib_a-__call_atexit.o)
 .bss           0x00000000        0x0 c:/users/lisha/.eide/tools/gcc_arm/bin/../lib/gcc/arm-none-eabi/8.3.1/../../../../arm-none-eabi/lib/thumb/v7-m/nofp\libc.a(lib_a-__call_atexit.o)
 .text.__call_exitprocs
                0x00000000       0xb0 c:/users/lisha/.eide/tools/gcc_arm/bin/../lib/gcc/arm-none-eabi/8.3.1/../../../../arm-none-eabi/lib/thumb/v7-m/nofp\libc.a(lib_a-__call_atexit.o)
 .text          0x00000000        0x0 c:/users/lisha/.eide/tools/gcc_arm/bin/../lib/gcc/arm-none-eabi/8.3.1/../../../../arm-none-eabi/lib/thumb/v7-m/nofp\libc.a(lib_a-atexit.o)
 .data          0x00000000        0x0 c:/users/lisha/.eide/tools/gcc_arm/bin/../lib/gcc/arm-none-eabi/8.3.1/../../../../arm-none-eabi/lib/thumb/v7-m/nofp\libc.a(lib_a-atexit.o)
 .bss           0x00000000        0x0 c:/users/lisha/.eide/tools/gcc_arm/bin/../lib/gcc/arm-none-eabi/8.3.1/../../../../arm-none-eabi/lib/thumb/v7-m/nofp\libc.a(lib_a-atexit.o)
 .text          0x00000000        0x0 c:/users/lisha/.eide/tools/gcc_arm/bin/../lib/gcc/arm-none-eabi/8.3.1/../../../../arm-none-eabi/lib/thumb/v7-m/nofp\libc.a(lib_a-fini.o)
 .data          0x00000000        0x0 c:/users/lisha/.eide/tools/gcc_arm/bin/../lib/gcc/arm-none-eabi/8.3.1/../../../../arm-none-eabi/lib/thumb/v7-m/nofp\libc.a(lib_a-fini.o)
 .bss           0x00000000        0x0 c:/users/lisha/.eide/tools/gcc_arm/bin/../lib/gcc/arm-none-eabi/8.3.1/../../../../arm-none-eabi/lib/thumb/v7-m/nofp\libc.a(lib_a-fini.o)
 .text          0x00000000        0x0 c:/users/lisha/.eide/tools/gcc_arm/bin/../lib/gcc/arm-none-eabi/8.3.1/../../../../arm-none-eabi/lib/thumb/v7-m/nofp\libc.a(lib_a-lock.o)
 .data          0x00000000        0x0 c:/users/lisha/.eide/tools/gcc_arm/bin/../lib/gcc/arm-none-eabi/8.3.1/../../../../arm-none-eabi/lib/thumb/v7-m/nofp\libc.a(lib_a-lock.o)
 .bss           0x00000000        0x0 c:/users/lisha/.eide/tools/gcc_arm/bin/../lib/gcc/arm-none-eabi/8.3.1/../../../../arm-none-eabi/lib/thumb/v7-m/nofp\libc.a(lib_a-lock.o)
 .text.__retarget_lock_init
                0x00000000        0x4 c:/users/lisha/.eide/tools/gcc_arm/bin/../lib/gcc/arm-none-eabi/8.3.1/../../../../arm-none-eabi/lib/thumb/v7-m/nofp\libc.a(lib_a-lock.o)
 .text.__retarget_lock_init_recursive
                0x00000000        0x4 c:/users/lisha/.eide/tools/gcc_arm/bin/../lib/gcc/arm-none-eabi/8.3.1/../../../../arm-none-eabi/lib/thumb/v7-m/nofp\libc.a(lib_a-lock.o)
 .text.__retarget_lock_close
                0x00000000        0x4 c:/users/lisha/.eide/tools/gcc_arm/bin/../lib/gcc/arm-none-eabi/8.3.1/../../../../arm-none-eabi/lib/thumb/v7-m/nofp\libc.a(lib_a-lock.o)
 .text.__retarget_lock_close_recursive
                0x00000000        0x4 c:/users/lisha/.eide/tools/gcc_arm/bin/../lib/gcc/arm-none-eabi/8.3.1/../../../../arm-none-eabi/lib/thumb/v7-m/nofp\libc.a(lib_a-lock.o)
 .text.__retarget_lock_acquire
                0x00000000        0x4 c:/users/lisha/.eide/tools/gcc_arm/bin/../lib/gcc/arm-none-eabi/8.3.1/../../../../arm-none-eabi/lib/thumb/v7-m/nofp\libc.a(lib_a-lock.o)
 .text.__retarget_lock_try_acquire
                0x00000000        0x4 c:/users/lisha/.eide/tools/gcc_arm/bin/../lib/gcc/arm-none-eabi/8.3.1/../../../../arm-none-eabi/lib/thumb/v7-m/nofp\libc.a(lib_a-lock.o)
 .text.__retarget_lock_try_acquire_recursive
                0x00000000        0x4 c:/users/lisha/.eide/tools/gcc_arm/bin/../lib/gcc/arm-none-eabi/8.3.1/../../../../arm-none-eabi/lib/thumb/v7-m/nofp\libc.a(lib_a-lock.o)
 .text.__retarget_lock_release
                0x00000000        0x4 c:/users/lisha/.eide/tools/gcc_arm/bin/../lib/gcc/arm-none-eabi/8.3.1/../../../../arm-none-eabi/lib/thumb/v7-m/nofp\libc.a(lib_a-lock.o)
 .text          0x00000000        0x0 c:/users/lisha/.eide/tools/gcc_arm/bin/../lib/gcc/arm-none-eabi/8.3.1/../../../../arm-none-eabi/lib/thumb/v7-m/nofp\libc.a(lib_a-__atexit.o)
 .data          0x00000000        0x0 c:/users/lisha/.eide/tools/gcc_arm/bin/../lib/gcc/arm-none-eabi/8.3.1/../../../../arm-none-eabi/lib/thumb/v7-m/nofp\libc.a(lib_a-__atexit.o)
 .bss           0x00000000        0x0 c:/users/lisha/.eide/tools/gcc_arm/bin/../lib/gcc/arm-none-eabi/8.3.1/../../../../arm-none-eabi/lib/thumb/v7-m/nofp\libc.a(lib_a-__atexit.o)
 .text          0x00000000        0x0 c:/users/lisha/.eide/tools/gcc_arm/bin/../lib/gcc/arm-none-eabi/8.3.1/../../../../arm-none-eabi/lib/thumb/v7-m/nofp\libnosys.a(_exit.o)
 .data          0x00000000        0x0 c:/users/lisha/.eide/tools/gcc_arm/bin/../lib/gcc/arm-none-eabi/8.3.1/../../../../arm-none-eabi/lib/thumb/v7-m/nofp\libnosys.a(_exit.o)
 .bss           0x00000000        0x0 c:/users/lisha/.eide/tools/gcc_arm/bin/../lib/gcc/arm-none-eabi/8.3.1/../../../../arm-none-eabi/lib/thumb/v7-m/nofp\libnosys.a(_exit.o)
 .text._exit    0x00000000        0x4 c:/users/lisha/.eide/tools/gcc_arm/bin/../lib/gcc/arm-none-eabi/8.3.1/../../../../arm-none-eabi/lib/thumb/v7-m/nofp\libnosys.a(_exit.o)
 .debug_frame   0x00000000       0x20 c:/users/lisha/.eide/tools/gcc_arm/bin/../lib/gcc/arm-none-eabi/8.3.1/../../../../arm-none-eabi/lib/thumb/v7-m/nofp\libnosys.a(_exit.o)
 .ARM.attributes
                0x00000000       0x2d c:/users/lisha/.eide/tools/gcc_arm/bin/../lib/gcc/arm-none-eabi/8.3.1/../../../../arm-none-eabi/lib/thumb/v7-m/nofp\libnosys.a(_exit.o)
 .text          0x00000000        0x0 out/main.o
 .data          0x00000000        0x0 out/main.o
 .bss           0x00000000        0x0 out/main.o
 .text          0x00000000        0x0 out/./arch/arm/stm32f103c8t6/system_stm32f10x.o
 .data          0x00000000        0x0 out/./arch/arm/stm32f103c8t6/system_stm32f10x.o
 .bss           0x00000000        0x0 out/./arch/arm/stm32f103c8t6/system_stm32f10x.o
 .text.SystemCoreClockUpdate
                0x00000000       0xa8 out/./arch/arm/stm32f103c8t6/system_stm32f10x.o
 .data.AHBPrescTable
                0x00000000       0x10 out/./arch/arm/stm32f103c8t6/system_stm32f10x.o
 .data.SystemCoreClock
                0x00000000        0x4 out/./arch/arm/stm32f103c8t6/system_stm32f10x.o
 .text          0x00000000        0x0 out/./arch/arm/stm32f103c8t6/stm32f10x_it.o
 .data          0x00000000        0x0 out/./arch/arm/stm32f103c8t6/stm32f10x_it.o
 .bss           0x00000000        0x0 out/./arch/arm/stm32f103c8t6/stm32f10x_it.o
 .text          0x00000000        0x0 out/./drivers/uart/USART.o
 .data          0x00000000        0x0 out/./drivers/uart/USART.o
 .bss           0x00000000        0x0 out/./drivers/uart/USART.o
 .bss.Receive1BUFF
                0x00000000       0x28 out/./drivers/uart/USART.o
 .bss.USART1_ReCoun
                0x00000000        0x1 out/./drivers/uart/USART.o
 .text          0x00000000       0x14 out/./arch/arm/stm32f103c8t6/startup_stm32f10x_md.o
 .data          0x00000000        0x0 out/./arch/arm/stm32f103c8t6/startup_stm32f10x_md.o
 .bss           0x00000000        0x0 out/./arch/arm/stm32f103c8t6/startup_stm32f10x_md.o
 .text          0x00000000        0x0 c:/users/lisha/.eide/tools/gcc_arm/bin/../lib/gcc/arm-none-eabi/8.3.1/thumb/v7-m/nofp/crtend.o
 .data          0x00000000        0x0 c:/users/lisha/.eide/tools/gcc_arm/bin/../lib/gcc/arm-none-eabi/8.3.1/thumb/v7-m/nofp/crtend.o
 .bss           0x00000000        0x0 c:/users/lisha/.eide/tools/gcc_arm/bin/../lib/gcc/arm-none-eabi/8.3.1/thumb/v7-m/nofp/crtend.o
 .eh_frame      0x00000000        0x4 c:/users/lisha/.eide/tools/gcc_arm/bin/../lib/gcc/arm-none-eabi/8.3.1/thumb/v7-m/nofp/crtend.o
 .ARM.attributes
                0x00000000       0x2d c:/users/lisha/.eide/tools/gcc_arm/bin/../lib/gcc/arm-none-eabi/8.3.1/thumb/v7-m/nofp/crtend.o
 .text          0x00000000        0x0 c:/users/lisha/.eide/tools/gcc_arm/bin/../lib/gcc/arm-none-eabi/8.3.1/thumb/v7-m/nofp/crtn.o
 .data          0x00000000        0x0 c:/users/lisha/.eide/tools/gcc_arm/bin/../lib/gcc/arm-none-eabi/8.3.1/thumb/v7-m/nofp/crtn.o
 .bss           0x00000000        0x0 c:/users/lisha/.eide/tools/gcc_arm/bin/../lib/gcc/arm-none-eabi/8.3.1/thumb/v7-m/nofp/crtn.o

Memory Configuration

Name             Origin             Length             Attributes
FLASH            0x08000000         0x00010000         xr
RAM              0x20000000         0x00005000         xrw
MEMORY_B1        0x60000000         0x00000000         xr
*default*        0x00000000         0xffffffff

Linker script and memory map

LOAD c:/users/lisha/.eide/tools/gcc_arm/bin/../lib/gcc/arm-none-eabi/8.3.1/thumb/v7-m/nofp/crti.o
LOAD c:/users/lisha/.eide/tools/gcc_arm/bin/../lib/gcc/arm-none-eabi/8.3.1/thumb/v7-m/nofp/crtbegin.o
LOAD c:/users/lisha/.eide/tools/gcc_arm/bin/../lib/gcc/arm-none-eabi/8.3.1/../../../../arm-none-eabi/lib/thumb/v7-m/nofp/crt0.o
LOAD c:/users/lisha/.eide/tools/gcc_arm/bin/../lib/gcc/arm-none-eabi/8.3.1/../../../../arm-none-eabi/lib/thumb/v7-m/nofp\libc.a
LOAD c:/users/lisha/.eide/tools/gcc_arm/bin/../lib/gcc/arm-none-eabi/8.3.1/../../../../arm-none-eabi/lib/thumb/v7-m/nofp\libm.a
LOAD c:/users/lisha/.eide/tools/gcc_arm/bin/../lib/gcc/arm-none-eabi/8.3.1/../../../../arm-none-eabi/lib/thumb/v7-m/nofp\libnosys.a
LOAD out/main.o
LOAD out/./arch/arm/stm32f103c8t6/system_stm32f10x.o
LOAD out/./arch/arm/stm32f103c8t6/stm32f10x_it.o
LOAD out/./drivers/uart/USART.o
LOAD out/./arch/arm/stm32f103c8t6/startup_stm32f10x_md.o
LOAD c:/users/lisha/.eide/tools/gcc_arm/bin/../lib/gcc/arm-none-eabi/8.3.1/../../../../arm-none-eabi/lib/thumb/v7-m/nofp\libc.a
LOAD c:/users/lisha/.eide/tools/gcc_arm/bin/../lib/gcc/arm-none-eabi/8.3.1/../../../../arm-none-eabi/lib/thumb/v7-m/nofp\libm.a
LOAD c:/users/lisha/.eide/tools/gcc_arm/bin/../lib/gcc/arm-none-eabi/8.3.1/../../../../arm-none-eabi/lib/thumb/v7-m/nofp\libnosys.a
START GROUP
LOAD c:/users/lisha/.eide/tools/gcc_arm/bin/../lib/gcc/arm-none-eabi/8.3.1/thumb/v7-m/nofp\libgcc.a
LOAD c:/users/lisha/.eide/tools/gcc_arm/bin/../lib/gcc/arm-none-eabi/8.3.1/../../../../arm-none-eabi/lib/thumb/v7-m/nofp\libc.a
END GROUP
LOAD c:/users/lisha/.eide/tools/gcc_arm/bin/../lib/gcc/arm-none-eabi/8.3.1/thumb/v7-m/nofp/crtend.o
LOAD c:/users/lisha/.eide/tools/gcc_arm/bin/../lib/gcc/arm-none-eabi/8.3.1/thumb/v7-m/nofp/crtn.o
                0x20005000                _estack = 0x20005000
                0x00000000                _Min_Heap_Size = 0x0
                0x00000100                _Min_Stack_Size = 0x100

.isr_vector     0x08000000      0x10c
                0x08000000                . = ALIGN (0x4)
 *(.isr_vector)
 .isr_vector    0x08000000      0x10c out/./arch/arm/stm32f103c8t6/startup_stm32f10x_md.o
                0x08000000                g_pfnVectors
                0x0800010c                . = ALIGN (0x4)

.eh_frame       0x0800010c        0x0
 .eh_frame      0x0800010c        0x0 c:/users/lisha/.eide/tools/gcc_arm/bin/../lib/gcc/arm-none-eabi/8.3.1/thumb/v7-m/nofp/crtbegin.o

.text           0x0800010c      0x470
                0x0800010c                . = ALIGN (0x4)
 *(.text)
 .text          0x0800010c       0x40 c:/users/lisha/.eide/tools/gcc_arm/bin/../lib/gcc/arm-none-eabi/8.3.1/thumb/v7-m/nofp/crtbegin.o
 *(.text*)
 .text.__libc_init_array
                0x0800014c       0x48 c:/users/lisha/.eide/tools/gcc_arm/bin/../lib/gcc/arm-none-eabi/8.3.1/../../../../arm-none-eabi/lib/thumb/v7-m/nofp\libc.a(lib_a-init.o)
                0x0800014c                __libc_init_array
 .text.startup.register_fini
                0x08000194       0x14 c:/users/lisha/.eide/tools/gcc_arm/bin/../lib/gcc/arm-none-eabi/8.3.1/../../../../arm-none-eabi/lib/thumb/v7-m/nofp\libc.a(lib_a-__call_atexit.o)
 .text.atexit   0x080001a8        0xc c:/users/lisha/.eide/tools/gcc_arm/bin/../lib/gcc/arm-none-eabi/8.3.1/../../../../arm-none-eabi/lib/thumb/v7-m/nofp\libc.a(lib_a-atexit.o)
                0x080001a8                atexit
 .text.__libc_fini_array
                0x080001b4       0x34 c:/users/lisha/.eide/tools/gcc_arm/bin/../lib/gcc/arm-none-eabi/8.3.1/../../../../arm-none-eabi/lib/thumb/v7-m/nofp\libc.a(lib_a-fini.o)
                0x080001b4                __libc_fini_array
 .text.__retarget_lock_acquire_recursive
                0x080001e8        0x4 c:/users/lisha/.eide/tools/gcc_arm/bin/../lib/gcc/arm-none-eabi/8.3.1/../../../../arm-none-eabi/lib/thumb/v7-m/nofp\libc.a(lib_a-lock.o)
                0x080001e8                __retarget_lock_acquire_recursive
 .text.__retarget_lock_release_recursive
                0x080001ec        0x4 c:/users/lisha/.eide/tools/gcc_arm/bin/../lib/gcc/arm-none-eabi/8.3.1/../../../../arm-none-eabi/lib/thumb/v7-m/nofp\libc.a(lib_a-lock.o)
                0x080001ec                __retarget_lock_release_recursive
 .text.__register_exitproc
                0x080001f0       0x84 c:/users/lisha/.eide/tools/gcc_arm/bin/../lib/gcc/arm-none-eabi/8.3.1/../../../../arm-none-eabi/lib/thumb/v7-m/nofp\libc.a(lib_a-__atexit.o)
                0x080001f0                __register_exitproc
 .text.delay    0x08000274       0x2a out/main.o
 *fill*         0x0800029e        0x2 
 .text.main     0x080002a0       0x60 out/main.o
                0x080002a0                main
 .text.SetSysClockTo72
                0x08000300       0xd0 out/./arch/arm/stm32f103c8t6/system_stm32f10x.o
 .text.SetSysClock
                0x080003d0        0xc out/./arch/arm/stm32f103c8t6/system_stm32f10x.o
 .text.SystemInit
                0x080003dc       0x5c out/./arch/arm/stm32f103c8t6/system_stm32f10x.o
                0x080003dc                SystemInit
 .text.NMI_Handler
                0x08000438        0x2 out/./arch/arm/stm32f103c8t6/stm32f10x_it.o
                0x08000438                NMI_Handler
 .text.HardFault_Handler
                0x0800043a        0x2 out/./arch/arm/stm32f103c8t6/stm32f10x_it.o
                0x0800043a                HardFault_Handler
 .text.MemManage_Handler
                0x0800043c        0x2 out/./arch/arm/stm32f103c8t6/stm32f10x_it.o
                0x0800043c                MemManage_Handler
 .text.BusFault_Handler
                0x0800043e        0x2 out/./arch/arm/stm32f103c8t6/stm32f10x_it.o
                0x0800043e                BusFault_Handler
 .text.UsageFault_Handler
                0x08000440        0x2 out/./arch/arm/stm32f103c8t6/stm32f10x_it.o
                0x08000440                UsageFault_Handler
 .text.SVC_Handler
                0x08000442        0x2 out/./arch/arm/stm32f103c8t6/stm32f10x_it.o
                0x08000442                SVC_Handler
 .text.DebugMon_Handler
                0x08000444        0x2 out/./arch/arm/stm32f103c8t6/stm32f10x_it.o
                0x08000444                DebugMon_Handler
 *fill*         0x08000446        0x2 
 .text.USART1_Init
                0x08000448       0xa0 out/./drivers/uart/USART.o
                0x08000448                USART1_Init
 .text.USART1_PrintString
                0x080004e8       0x20 out/./drivers/uart/USART.o
                0x080004e8                USART1_PrintString
 .text.Reset_Handler
                0x08000508       0x48 out/./arch/arm/stm32f103c8t6/startup_stm32f10x_md.o
                0x08000508                Reset_Handler
 .text.Default_Handler
                0x08000550        0x2 out/./arch/arm/stm32f103c8t6/startup_stm32f10x_md.o
                0x08000550                EXTI2_IRQHandler
                0x08000550                TIM1_CC_IRQHandler
                0x08000550                SysTick_Handler
                0x08000550                PVD_IRQHandler
                0x08000550                PendSV_Handler
                0x08000550                EXTI3_IRQHandler
                0x08000550                EXTI0_IRQHandler
                0x08000550                I2C2_EV_IRQHandler
                0x08000550                ADC1_2_IRQHandler
                0x08000550                SPI1_IRQHandler
                0x08000550                TAMPER_IRQHandler
                0x08000550                DMA1_Channel4_IRQHandler
                0x08000550                USART3_IRQHandler
                0x08000550                RTC_IRQHandler
                0x08000550                DMA1_Channel7_IRQHandler
                0x08000550                CAN1_RX1_IRQHandler
                0x08000550                TIM4_IRQHandler
                0x08000550                I2C1_EV_IRQHandler
                0x08000550                DMA1_Channel6_IRQHandler
                0x08000550                TIM3_IRQHandler
                0x08000550                RCC_IRQHandler
                0x08000550                TIM1_TRG_COM_IRQHandler
                0x08000550                DMA1_Channel1_IRQHandler
                0x08000550                Default_Handler
                0x08000550                EXTI15_10_IRQHandler
                0x08000550                EXTI9_5_IRQHandler
                0x08000550                SPI2_IRQHandler
                0x08000550                DMA1_Channel5_IRQHandler
                0x08000550                EXTI4_IRQHandler
                0x08000550                USB_LP_CAN1_RX0_IRQHandler
                0x08000550                USB_HP_CAN1_TX_IRQHandler
                0x08000550                DMA1_Channel3_IRQHandler
                0x08000550                TIM1_UP_IRQHandler
                0x08000550                WWDG_IRQHandler
                0x08000550                TIM2_IRQHandler
                0x08000550                TIM1_BRK_IRQHandler
                0x08000550                EXTI1_IRQHandler
                0x08000550                RTCAlarm_IRQHandler
                0x08000550                USART2_IRQHandler
                0x08000550                I2C2_ER_IRQHandler
                0x08000550                DMA1_Channel2_IRQHandler
                0x08000550                CAN1_SCE_IRQHandler
                0x08000550                FLASH_IRQHandler
                0x08000550                USART1_IRQHandler
                0x08000550                I2C1_ER_IRQHandler
                0x08000550                USBWakeUp_IRQHandler
 *(.rodata)
 *(.rodata*)
 *fill*         0x08000552        0x2 
 .rodata._global_impure_ptr
                0x08000554        0x4 c:/users/lisha/.eide/tools/gcc_arm/bin/../lib/gcc/arm-none-eabi/8.3.1/../../../../arm-none-eabi/lib/thumb/v7-m/nofp\libc.a(lib_a-impure.o)
                0x08000554                _global_impure_ptr
 .rodata.main.str1.4
                0x08000558        0xc out/main.o
 *(.glue_7)
 .glue_7        0x08000564        0x0 linker stubs
 *(.glue_7t)
 .glue_7t       0x08000564        0x0 linker stubs
 *(.init)
 .init          0x08000564        0x4 c:/users/lisha/.eide/tools/gcc_arm/bin/../lib/gcc/arm-none-eabi/8.3.1/thumb/v7-m/nofp/crti.o
                0x08000564                _init
 .init          0x08000568        0x8 c:/users/lisha/.eide/tools/gcc_arm/bin/../lib/gcc/arm-none-eabi/8.3.1/thumb/v7-m/nofp/crtn.o
 *(.fini)
 .fini          0x08000570        0x4 c:/users/lisha/.eide/tools/gcc_arm/bin/../lib/gcc/arm-none-eabi/8.3.1/thumb/v7-m/nofp/crti.o
                0x08000570                _fini
 .fini          0x08000574        0x8 c:/users/lisha/.eide/tools/gcc_arm/bin/../lib/gcc/arm-none-eabi/8.3.1/thumb/v7-m/nofp/crtn.o
                0x0800057c                . = ALIGN (0x4)
                0x0800057c                _etext = .

.vfp11_veneer   0x0800057c        0x0
 .vfp11_veneer  0x0800057c        0x0 linker stubs

.v4_bx          0x0800057c        0x0
 .v4_bx         0x0800057c        0x0 linker stubs

.iplt           0x0800057c        0x0
 .iplt          0x0800057c        0x0 c:/users/lisha/.eide/tools/gcc_arm/bin/../lib/gcc/arm-none-eabi/8.3.1/thumb/v7-m/nofp/crtbegin.o

.rel.dyn        0x0800057c        0x0
 .rel.iplt      0x0800057c        0x0 c:/users/lisha/.eide/tools/gcc_arm/bin/../lib/gcc/arm-none-eabi/8.3.1/thumb/v7-m/nofp/crtbegin.o

.ARM.extab
 *(.ARM.extab* .gnu.linkonce.armextab.*)

.ARM            0x0800057c        0x0
                0x0800057c                __exidx_start = .
 *(.ARM.exidx*)
                0x0800057c                __exidx_end = .

.ARM.attributes
                0x0800057c       0x2b
 *(.ARM.attributes)
 .ARM.attributes
                0x0800057c       0x1d c:/users/lisha/.eide/tools/gcc_arm/bin/../lib/gcc/arm-none-eabi/8.3.1/thumb/v7-m/nofp/crti.o
 .ARM.attributes
                0x08000599       0x2d c:/users/lisha/.eide/tools/gcc_arm/bin/../lib/gcc/arm-none-eabi/8.3.1/thumb/v7-m/nofp/crtbegin.o
 .ARM.attributes
                0x080005c6       0x2d c:/users/lisha/.eide/tools/gcc_arm/bin/../lib/gcc/arm-none-eabi/8.3.1/../../../../arm-none-eabi/lib/thumb/v7-m/nofp\libc.a(lib_a-impure.o)
 .ARM.attributes
                0x080005f3       0x2d c:/users/lisha/.eide/tools/gcc_arm/bin/../lib/gcc/arm-none-eabi/8.3.1/../../../../arm-none-eabi/lib/thumb/v7-m/nofp\libc.a(lib_a-init.o)
 .ARM.attributes
                0x08000620       0x2d c:/users/lisha/.eide/tools/gcc_arm/bin/../lib/gcc/arm-none-eabi/8.3.1/../../../../arm-none-eabi/lib/thumb/v7-m/nofp\libc.a(lib_a-__call_atexit.o)
 .ARM.attributes
                0x0800064d       0x2d c:/users/lisha/.eide/tools/gcc_arm/bin/../lib/gcc/arm-none-eabi/8.3.1/../../../../arm-none-eabi/lib/thumb/v7-m/nofp\libc.a(lib_a-atexit.o)
 .ARM.attributes
                0x0800067a       0x2d c:/users/lisha/.eide/tools/gcc_arm/bin/../lib/gcc/arm-none-eabi/8.3.1/../../../../arm-none-eabi/lib/thumb/v7-m/nofp\libc.a(lib_a-fini.o)
 .ARM.attributes
                0x080006a7       0x2d c:/users/lisha/.eide/tools/gcc_arm/bin/../lib/gcc/arm-none-eabi/8.3.1/../../../../arm-none-eabi/lib/thumb/v7-m/nofp\libc.a(lib_a-lock.o)
 .ARM.attributes
                0x080006d4       0x2d c:/users/lisha/.eide/tools/gcc_arm/bin/../lib/gcc/arm-none-eabi/8.3.1/../../../../arm-none-eabi/lib/thumb/v7-m/nofp\libc.a(lib_a-__atexit.o)
 .ARM.attributes
                0x08000701       0x2a out/main.o
 .ARM.attributes
                0x0800072b       0x2a out/./arch/arm/stm32f103c8t6/system_stm32f10x.o
 .ARM.attributes
                0x08000755       0x2a out/./arch/arm/stm32f103c8t6/stm32f10x_it.o
 .ARM.attributes
                0x0800077f       0x2a out/./drivers/uart/USART.o
 .ARM.attributes
                0x080007a9       0x21 out/./arch/arm/stm32f103c8t6/startup_stm32f10x_md.o
 .ARM.attributes
                0x080007ca       0x1d c:/users/lisha/.eide/tools/gcc_arm/bin/../lib/gcc/arm-none-eabi/8.3.1/thumb/v7-m/nofp/crtn.o

.preinit_array  0x0800057c        0x0
                0x0800057c                PROVIDE (__preinit_array_start = .)
 *(.preinit_array*)
                0x0800057c                PROVIDE (__preinit_array_end = .)

.init_array     0x0800057c        0x8
                0x0800057c                PROVIDE (__init_array_start = .)
 *(SORT_BY_NAME(.init_array.*))
 .init_array.00000
                0x0800057c        0x4 c:/users/lisha/.eide/tools/gcc_arm/bin/../lib/gcc/arm-none-eabi/8.3.1/../../../../arm-none-eabi/lib/thumb/v7-m/nofp\libc.a(lib_a-__call_atexit.o)
 *(.init_array*)
 .init_array    0x08000580        0x4 c:/users/lisha/.eide/tools/gcc_arm/bin/../lib/gcc/arm-none-eabi/8.3.1/thumb/v7-m/nofp/crtbegin.o
                0x08000584                PROVIDE (__init_array_end = .)

.fini_array     0x08000584        0x4
                0x08000584                PROVIDE (__fini_array_start = .)
 *(.fini_array*)
 .fini_array    0x08000584        0x4 c:/users/lisha/.eide/tools/gcc_arm/bin/../lib/gcc/arm-none-eabi/8.3.1/thumb/v7-m/nofp/crtbegin.o
 *(SORT_BY_NAME(.fini_array.*))
                0x08000588                PROVIDE (__fini_array_end = .)
                0x08000588                _sidata = .

.data           0x20000000      0x42c load address 0x08000588
                0x20000000                . = ALIGN (0x4)
                0x20000000                _sdata = .
 *(.data)
 *(.data*)
 .data.impure_data
                0x20000000      0x428 c:/users/lisha/.eide/tools/gcc_arm/bin/../lib/gcc/arm-none-eabi/8.3.1/../../../../arm-none-eabi/lib/thumb/v7-m/nofp\libc.a(lib_a-impure.o)
 .data.__atexit_recursive_mutex
                0x20000428        0x4 c:/users/lisha/.eide/tools/gcc_arm/bin/../lib/gcc/arm-none-eabi/8.3.1/../../../../arm-none-eabi/lib/thumb/v7-m/nofp\libc.a(lib_a-__call_atexit.o)
                0x20000428                __atexit_recursive_mutex
                0x2000042c                . = ALIGN (0x4)
                0x2000042c                _edata = .

.igot.plt       0x2000042c        0x0 load address 0x080009b4
 .igot.plt      0x2000042c        0x0 c:/users/lisha/.eide/tools/gcc_arm/bin/../lib/gcc/arm-none-eabi/8.3.1/thumb/v7-m/nofp/crtbegin.o
                0x2000042c                . = ALIGN (0x4)

.bss            0x2000042c       0x40 load address 0x080009b4
                0x2000042c                _sbss = .
                0x2000042c                __bss_start__ = _sbss
 *(.bss)
 .bss           0x2000042c       0x1c c:/users/lisha/.eide/tools/gcc_arm/bin/../lib/gcc/arm-none-eabi/8.3.1/thumb/v7-m/nofp/crtbegin.o
 *(.bss*)
 *(COMMON)
 COMMON         0x20000448       0x21 c:/users/lisha/.eide/tools/gcc_arm/bin/../lib/gcc/arm-none-eabi/8.3.1/../../../../arm-none-eabi/lib/thumb/v7-m/nofp\libc.a(lib_a-lock.o)
                0x20000448                __lock___atexit_recursive_mutex
                0x2000044c                __lock___arc4random_mutex
                0x20000450                __lock___env_recursive_mutex
                0x20000454                __lock___sinit_recursive_mutex
                0x20000458                __lock___malloc_recursive_mutex
                0x2000045c                __lock___at_quick_exit_mutex
                0x20000460                __lock___dd_hash_mutex
                0x20000464                __lock___tz_mutex
                0x20000468                __lock___sfp_recursive_mutex
                0x2000046c                . = ALIGN (0x4)
 *fill*         0x20000469        0x3 
                0x2000046c                _ebss = .
                0x2000046c                __bss_end__ = _ebss
                [!provide]                PROVIDE (end = _ebss)
                [!provide]                PROVIDE (_end = _ebss)

._user_heap_stack
                0x2000046c      0x100 load address 0x080009f4
                0x2000046c                . = ALIGN (0x4)
                0x2000046c                . = (. + _Min_Heap_Size)
                0x2000056c                . = (. + _Min_Stack_Size)
 *fill*         0x2000046c      0x100 
                0x2000056c                . = ALIGN (0x4)

.memory_b1_text
 *(.mb1text)
 *(.mb1text*)
 *(.mb1rodata)
 *(.mb1rodata*)

/DISCARD/
 libc.a(*)
 libm.a(*)
 libgcc.a(*)
OUTPUT(out/main.elf elf32-littlearm)

.debug_frame    0x00000000      0x30c
 .debug_frame   0x00000000       0x2c c:/users/lisha/.eide/tools/gcc_arm/bin/../lib/gcc/arm-none-eabi/8.3.1/../../../../arm-none-eabi/lib/thumb/v7-m/nofp\libc.a(lib_a-init.o)
 .debug_frame   0x0000002c       0x5c c:/users/lisha/.eide/tools/gcc_arm/bin/../lib/gcc/arm-none-eabi/8.3.1/../../../../arm-none-eabi/lib/thumb/v7-m/nofp\libc.a(lib_a-__call_atexit.o)
 .debug_frame   0x00000088       0x20 c:/users/lisha/.eide/tools/gcc_arm/bin/../lib/gcc/arm-none-eabi/8.3.1/../../../../arm-none-eabi/lib/thumb/v7-m/nofp\libc.a(lib_a-atexit.o)
 .debug_frame   0x000000a8       0x34 c:/users/lisha/.eide/tools/gcc_arm/bin/../lib/gcc/arm-none-eabi/8.3.1/../../../../arm-none-eabi/lib/thumb/v7-m/nofp\libc.a(lib_a-fini.o)
 .debug_frame   0x000000dc       0xb0 c:/users/lisha/.eide/tools/gcc_arm/bin/../lib/gcc/arm-none-eabi/8.3.1/../../../../arm-none-eabi/lib/thumb/v7-m/nofp\libc.a(lib_a-lock.o)
 .debug_frame   0x0000018c       0x30 c:/users/lisha/.eide/tools/gcc_arm/bin/../lib/gcc/arm-none-eabi/8.3.1/../../../../arm-none-eabi/lib/thumb/v7-m/nofp\libc.a(lib_a-__atexit.o)
 .debug_frame   0x000001bc       0x3c out/main.o
 .debug_frame   0x000001f8       0x64 out/./arch/arm/stm32f103c8t6/system_stm32f10x.o
 .debug_frame   0x0000025c       0x80 out/./arch/arm/stm32f103c8t6/stm32f10x_it.o
 .debug_frame   0x000002dc       0x30 out/./drivers/uart/USART.o

.debug_info     0x00000000     0x1267
 .debug_info    0x00000000      0x29b out/main.o
 .debug_info    0x0000029b      0x50c out/./arch/arm/stm32f103c8t6/system_stm32f10x.o
 .debug_info    0x000007a7      0x138 out/./arch/arm/stm32f103c8t6/stm32f10x_it.o
 .debug_info    0x000008df      0x966 out/./drivers/uart/USART.o
 .debug_info    0x00001245       0x22 out/./arch/arm/stm32f103c8t6/startup_stm32f10x_md.o

.debug_abbrev   0x00000000      0x5bd
 .debug_abbrev  0x00000000      0x140 out/main.o
 .debug_abbrev  0x00000140      0x19a out/./arch/arm/stm32f103c8t6/system_stm32f10x.o
 .debug_abbrev  0x000002da       0x80 out/./arch/arm/stm32f103c8t6/stm32f10x_it.o
 .debug_abbrev  0x0000035a      0x251 out/./drivers/uart/USART.o
 .debug_abbrev  0x000005ab       0x12 out/./arch/arm/stm32f103c8t6/startup_stm32f10x_md.o

.debug_aranges  0x00000000      0x100
 .debug_aranges
                0x00000000       0x28 out/main.o
 .debug_aranges
                0x00000028       0x38 out/./arch/arm/stm32f103c8t6/system_stm32f10x.o
 .debug_aranges
                0x00000060       0x50 out/./arch/arm/stm32f103c8t6/stm32f10x_it.o
 .debug_aranges
                0x000000b0       0x28 out/./drivers/uart/USART.o
 .debug_aranges
                0x000000d8       0x28 out/./arch/arm/stm32f103c8t6/startup_stm32f10x_md.o

.debug_ranges   0x00000000       0xb8
 .debug_ranges  0x00000000       0x18 out/main.o
 .debug_ranges  0x00000018       0x28 out/./arch/arm/stm32f103c8t6/system_stm32f10x.o
 .debug_ranges  0x00000040       0x40 out/./arch/arm/stm32f103c8t6/stm32f10x_it.o
 .debug_ranges  0x00000080       0x18 out/./drivers/uart/USART.o
 .debug_ranges  0x00000098       0x20 out/./arch/arm/stm32f103c8t6/startup_stm32f10x_md.o

.debug_line     0x00000000      0xa77
 .debug_line    0x00000000      0x20f out/main.o
 .debug_line    0x0000020f      0x39e out/./arch/arm/stm32f103c8t6/system_stm32f10x.o
 .debug_line    0x000005ad      0x1d7 out/./arch/arm/stm32f103c8t6/stm32f10x_it.o
 .debug_line    0x00000784      0x269 out/./drivers/uart/USART.o
 .debug_line    0x000009ed       0x8a out/./arch/arm/stm32f103c8t6/startup_stm32f10x_md.o

.debug_str      0x00000000      0x891
 .debug_str     0x00000000      0x227 out/main.o
                                0x26c (size before relaxing)
 .debug_str     0x00000227      0x13d out/./arch/arm/stm32f103c8t6/system_stm32f10x.o
                                0x377 (size before relaxing)
 .debug_str     0x00000364       0x97 out/./arch/arm/stm32f103c8t6/stm32f10x_it.o
                                0x27c (size before relaxing)
 .debug_str     0x000003fb      0x45a out/./drivers/uart/USART.o
                                0x749 (size before relaxing)
 .debug_str     0x00000855       0x3c out/./arch/arm/stm32f103c8t6/startup_stm32f10x_md.o
                                 0x5c (size before relaxing)

.comment        0x00000000       0x76
 .comment       0x00000000       0x76 out/main.o
                                 0x77 (size before relaxing)
 .comment       0x00000076       0x77 out/./arch/arm/stm32f103c8t6/system_stm32f10x.o
 .comment       0x00000076       0x77 out/./arch/arm/stm32f103c8t6/stm32f10x_it.o
 .comment       0x00000076       0x77 out/./drivers/uart/USART.o

.debug_loc      0x00000000      0x1fb
 .debug_loc     0x00000000      0x138 out/./arch/arm/stm32f103c8t6/system_stm32f10x.o
 .debug_loc     0x00000138       0xc3 out/./drivers/uart/USART.o

Cross Reference Table

Symbol                                            File
ADC1_2_IRQHandler                                 out/./arch/arm/stm32f103c8t6/startup_stm32f10x_md.o
AHBPrescTable                                     out/./arch/arm/stm32f103c8t6/system_stm32f10x.o
BusFault_Handler                                  out/./arch/arm/stm32f103c8t6/stm32f10x_it.o
CAN1_RX1_IRQHandler                               out/./arch/arm/stm32f103c8t6/startup_stm32f10x_md.o
CAN1_SCE_IRQHandler                               out/./arch/arm/stm32f103c8t6/startup_stm32f10x_md.o
DMA1_Channel1_IRQHandler                          out/./arch/arm/stm32f103c8t6/startup_stm32f10x_md.o
DMA1_Channel2_IRQHandler                          out/./arch/arm/stm32f103c8t6/startup_stm32f10x_md.o
DMA1_Channel3_IRQHandler                          out/./arch/arm/stm32f103c8t6/startup_stm32f10x_md.o
DMA1_Channel4_IRQHandler                          out/./arch/arm/stm32f103c8t6/startup_stm32f10x_md.o
DMA1_Channel5_IRQHandler                          out/./arch/arm/stm32f103c8t6/startup_stm32f10x_md.o
DMA1_Channel6_IRQHandler                          out/./arch/arm/stm32f103c8t6/startup_stm32f10x_md.o
DMA1_Channel7_IRQHandler                          out/./arch/arm/stm32f103c8t6/startup_stm32f10x_md.o
DebugMon_Handler                                  out/./arch/arm/stm32f103c8t6/stm32f10x_it.o
Default_Handler                                   out/./arch/arm/stm32f103c8t6/startup_stm32f10x_md.o
EXTI0_IRQHandler                                  out/./arch/arm/stm32f103c8t6/startup_stm32f10x_md.o
EXTI15_10_IRQHandler                              out/./arch/arm/stm32f103c8t6/startup_stm32f10x_md.o
EXTI1_IRQHandler                                  out/./arch/arm/stm32f103c8t6/startup_stm32f10x_md.o
EXTI2_IRQHandler                                  out/./arch/arm/stm32f103c8t6/startup_stm32f10x_md.o
EXTI3_IRQHandler                                  out/./arch/arm/stm32f103c8t6/startup_stm32f10x_md.o
EXTI4_IRQHandler                                  out/./arch/arm/stm32f103c8t6/startup_stm32f10x_md.o
EXTI9_5_IRQHandler                                out/./arch/arm/stm32f103c8t6/startup_stm32f10x_md.o
FLASH_IRQHandler                                  out/./arch/arm/stm32f103c8t6/startup_stm32f10x_md.o
HardFault_Handler                                 out/./arch/arm/stm32f103c8t6/stm32f10x_it.o
I2C1_ER_IRQHandler                                out/./arch/arm/stm32f103c8t6/startup_stm32f10x_md.o
I2C1_EV_IRQHandler                                out/./arch/arm/stm32f103c8t6/startup_stm32f10x_md.o
I2C2_ER_IRQHandler                                out/./arch/arm/stm32f103c8t6/startup_stm32f10x_md.o
I2C2_EV_IRQHandler                                out/./arch/arm/stm32f103c8t6/startup_stm32f10x_md.o
MemManage_Handler                                 out/./arch/arm/stm32f103c8t6/stm32f10x_it.o
NMI_Handler                                       out/./arch/arm/stm32f103c8t6/stm32f10x_it.o
PVD_IRQHandler                                    out/./arch/arm/stm32f103c8t6/startup_stm32f10x_md.o
PendSV_Handler                                    out/./arch/arm/stm32f103c8t6/startup_stm32f10x_md.o
RCC_IRQHandler                                    out/./arch/arm/stm32f103c8t6/startup_stm32f10x_md.o
RTCAlarm_IRQHandler                               out/./arch/arm/stm32f103c8t6/startup_stm32f10x_md.o
RTC_IRQHandler                                    out/./arch/arm/stm32f103c8t6/startup_stm32f10x_md.o
Receive1BUFF                                      out/./drivers/uart/USART.o
Reset_Handler                                     out/./arch/arm/stm32f103c8t6/startup_stm32f10x_md.o
SPI1_IRQHandler                                   out/./arch/arm/stm32f103c8t6/startup_stm32f10x_md.o
SPI2_IRQHandler                                   out/./arch/arm/stm32f103c8t6/startup_stm32f10x_md.o
SVC_Handler                                       out/./arch/arm/stm32f103c8t6/stm32f10x_it.o
SysTick_Handler                                   out/./arch/arm/stm32f103c8t6/startup_stm32f10x_md.o
SystemCoreClock                                   out/./arch/arm/stm32f103c8t6/system_stm32f10x.o
SystemCoreClockUpdate                             out/./arch/arm/stm32f103c8t6/system_stm32f10x.o
SystemInit                                        out/./arch/arm/stm32f103c8t6/system_stm32f10x.o
                                                  out/./arch/arm/stm32f103c8t6/startup_stm32f10x_md.o
TAMPER_IRQHandler                                 out/./arch/arm/stm32f103c8t6/startup_stm32f10x_md.o
TIM1_BRK_IRQHandler                               out/./arch/arm/stm32f103c8t6/startup_stm32f10x_md.o
TIM1_CC_IRQHandler                                out/./arch/arm/stm32f103c8t6/startup_stm32f10x_md.o
TIM1_TRG_COM_IRQHandler                           out/./arch/arm/stm32f103c8t6/startup_stm32f10x_md.o
TIM1_UP_IRQHandler                                out/./arch/arm/stm32f103c8t6/startup_stm32f10x_md.o
TIM2_IRQHandler                                   out/./arch/arm/stm32f103c8t6/startup_stm32f10x_md.o
TIM3_IRQHandler                                   out/./arch/arm/stm32f103c8t6/startup_stm32f10x_md.o
TIM4_IRQHandler                                   out/./arch/arm/stm32f103c8t6/startup_stm32f10x_md.o
USART1_IRQHandler                                 out/./arch/arm/stm32f103c8t6/startup_stm32f10x_md.o
USART1_Init                                       out/./drivers/uart/USART.o
                                                  out/main.o
USART1_PrintString                                out/./drivers/uart/USART.o
                                                  out/main.o
USART1_ReCoun                                     out/./drivers/uart/USART.o
USART2_IRQHandler                                 out/./arch/arm/stm32f103c8t6/startup_stm32f10x_md.o
USART3_IRQHandler                                 out/./arch/arm/stm32f103c8t6/startup_stm32f10x_md.o
USBWakeUp_IRQHandler                              out/./arch/arm/stm32f103c8t6/startup_stm32f10x_md.o
USB_HP_CAN1_TX_IRQHandler                         out/./arch/arm/stm32f103c8t6/startup_stm32f10x_md.o
USB_LP_CAN1_RX0_IRQHandler                        out/./arch/arm/stm32f103c8t6/startup_stm32f10x_md.o
UsageFault_Handler                                out/./arch/arm/stm32f103c8t6/stm32f10x_it.o
WWDG_IRQHandler                                   out/./arch/arm/stm32f103c8t6/startup_stm32f10x_md.o
__atexit_recursive_mutex                          c:/users/lisha/.eide/tools/gcc_arm/bin/../lib/gcc/arm-none-eabi/8.3.1/../../../../arm-none-eabi/lib/thumb/v7-m/nofp\libc.a(lib_a-__call_atexit.o)
                                                  c:/users/lisha/.eide/tools/gcc_arm/bin/../lib/gcc/arm-none-eabi/8.3.1/../../../../arm-none-eabi/lib/thumb/v7-m/nofp\libc.a(lib_a-__atexit.o)
__bss_end__                                       c:/users/lisha/.eide/tools/gcc_arm/bin/../lib/gcc/arm-none-eabi/8.3.1/../../../../arm-none-eabi/lib/thumb/v7-m/nofp/crt0.o
__bss_start__                                     c:/users/lisha/.eide/tools/gcc_arm/bin/../lib/gcc/arm-none-eabi/8.3.1/../../../../arm-none-eabi/lib/thumb/v7-m/nofp/crt0.o
__call_exitprocs                                  c:/users/lisha/.eide/tools/gcc_arm/bin/../lib/gcc/arm-none-eabi/8.3.1/../../../../arm-none-eabi/lib/thumb/v7-m/nofp\libc.a(lib_a-__call_atexit.o)
                                                  c:/users/lisha/.eide/tools/gcc_arm/bin/../lib/gcc/arm-none-eabi/8.3.1/../../../../arm-none-eabi/lib/thumb/v7-m/nofp\libc.a(lib_a-exit.o)
__deregister_frame_info                           c:/users/lisha/.eide/tools/gcc_arm/bin/../lib/gcc/arm-none-eabi/8.3.1/thumb/v7-m/nofp/crtbegin.o
__dso_handle                                      c:/users/lisha/.eide/tools/gcc_arm/bin/../lib/gcc/arm-none-eabi/8.3.1/thumb/v7-m/nofp/crtbegin.o
__fini_array_end                                  c:/users/lisha/.eide/tools/gcc_arm/bin/../lib/gcc/arm-none-eabi/8.3.1/../../../../arm-none-eabi/lib/thumb/v7-m/nofp\libc.a(lib_a-fini.o)
__fini_array_start                                c:/users/lisha/.eide/tools/gcc_arm/bin/../lib/gcc/arm-none-eabi/8.3.1/../../../../arm-none-eabi/lib/thumb/v7-m/nofp\libc.a(lib_a-fini.o)
__init_array_end                                  c:/users/lisha/.eide/tools/gcc_arm/bin/../lib/gcc/arm-none-eabi/8.3.1/../../../../arm-none-eabi/lib/thumb/v7-m/nofp\libc.a(lib_a-init.o)
__init_array_start                                c:/users/lisha/.eide/tools/gcc_arm/bin/../lib/gcc/arm-none-eabi/8.3.1/../../../../arm-none-eabi/lib/thumb/v7-m/nofp\libc.a(lib_a-init.o)
__libc_fini                                       c:/users/lisha/.eide/tools/gcc_arm/bin/../lib/gcc/arm-none-eabi/8.3.1/../../../../arm-none-eabi/lib/thumb/v7-m/nofp\libc.a(lib_a-__call_atexit.o)
__libc_fini_array                                 c:/users/lisha/.eide/tools/gcc_arm/bin/../lib/gcc/arm-none-eabi/8.3.1/../../../../arm-none-eabi/lib/thumb/v7-m/nofp\libc.a(lib_a-fini.o)
                                                  c:/users/lisha/.eide/tools/gcc_arm/bin/../lib/gcc/arm-none-eabi/8.3.1/../../../../arm-none-eabi/lib/thumb/v7-m/nofp\libc.a(lib_a-__call_atexit.o)
                                                  c:/users/lisha/.eide/tools/gcc_arm/bin/../lib/gcc/arm-none-eabi/8.3.1/../../../../arm-none-eabi/lib/thumb/v7-m/nofp/crt0.o
__libc_init_array                                 c:/users/lisha/.eide/tools/gcc_arm/bin/../lib/gcc/arm-none-eabi/8.3.1/../../../../arm-none-eabi/lib/thumb/v7-m/nofp\libc.a(lib_a-init.o)
                                                  out/./arch/arm/stm32f103c8t6/startup_stm32f10x_md.o
                                                  c:/users/lisha/.eide/tools/gcc_arm/bin/../lib/gcc/arm-none-eabi/8.3.1/../../../../arm-none-eabi/lib/thumb/v7-m/nofp/crt0.o
__lock___arc4random_mutex                         c:/users/lisha/.eide/tools/gcc_arm/bin/../lib/gcc/arm-none-eabi/8.3.1/../../../../arm-none-eabi/lib/thumb/v7-m/nofp\libc.a(lib_a-lock.o)
__lock___at_quick_exit_mutex                      c:/users/lisha/.eide/tools/gcc_arm/bin/../lib/gcc/arm-none-eabi/8.3.1/../../../../arm-none-eabi/lib/thumb/v7-m/nofp\libc.a(lib_a-lock.o)
__lock___atexit_recursive_mutex                   c:/users/lisha/.eide/tools/gcc_arm/bin/../lib/gcc/arm-none-eabi/8.3.1/../../../../arm-none-eabi/lib/thumb/v7-m/nofp\libc.a(lib_a-lock.o)
                                                  c:/users/lisha/.eide/tools/gcc_arm/bin/../lib/gcc/arm-none-eabi/8.3.1/../../../../arm-none-eabi/lib/thumb/v7-m/nofp\libc.a(lib_a-__call_atexit.o)
__lock___dd_hash_mutex                            c:/users/lisha/.eide/tools/gcc_arm/bin/../lib/gcc/arm-none-eabi/8.3.1/../../../../arm-none-eabi/lib/thumb/v7-m/nofp\libc.a(lib_a-lock.o)
__lock___env_recursive_mutex                      c:/users/lisha/.eide/tools/gcc_arm/bin/../lib/gcc/arm-none-eabi/8.3.1/../../../../arm-none-eabi/lib/thumb/v7-m/nofp\libc.a(lib_a-lock.o)
__lock___malloc_recursive_mutex                   c:/users/lisha/.eide/tools/gcc_arm/bin/../lib/gcc/arm-none-eabi/8.3.1/../../../../arm-none-eabi/lib/thumb/v7-m/nofp\libc.a(lib_a-lock.o)
__lock___sfp_recursive_mutex                      c:/users/lisha/.eide/tools/gcc_arm/bin/../lib/gcc/arm-none-eabi/8.3.1/../../../../arm-none-eabi/lib/thumb/v7-m/nofp\libc.a(lib_a-lock.o)
__lock___sinit_recursive_mutex                    c:/users/lisha/.eide/tools/gcc_arm/bin/../lib/gcc/arm-none-eabi/8.3.1/../../../../arm-none-eabi/lib/thumb/v7-m/nofp\libc.a(lib_a-lock.o)
__lock___tz_mutex                                 c:/users/lisha/.eide/tools/gcc_arm/bin/../lib/gcc/arm-none-eabi/8.3.1/../../../../arm-none-eabi/lib/thumb/v7-m/nofp\libc.a(lib_a-lock.o)
__preinit_array_end                               c:/users/lisha/.eide/tools/gcc_arm/bin/../lib/gcc/arm-none-eabi/8.3.1/../../../../arm-none-eabi/lib/thumb/v7-m/nofp\libc.a(lib_a-init.o)
__preinit_array_start                             c:/users/lisha/.eide/tools/gcc_arm/bin/../lib/gcc/arm-none-eabi/8.3.1/../../../../arm-none-eabi/lib/thumb/v7-m/nofp\libc.a(lib_a-init.o)
__register_exitproc                               c:/users/lisha/.eide/tools/gcc_arm/bin/../lib/gcc/arm-none-eabi/8.3.1/../../../../arm-none-eabi/lib/thumb/v7-m/nofp\libc.a(lib_a-__atexit.o)
                                                  c:/users/lisha/.eide/tools/gcc_arm/bin/../lib/gcc/arm-none-eabi/8.3.1/../../../../arm-none-eabi/lib/thumb/v7-m/nofp\libc.a(lib_a-atexit.o)
__register_frame_info                             c:/users/lisha/.eide/tools/gcc_arm/bin/../lib/gcc/arm-none-eabi/8.3.1/thumb/v7-m/nofp/crtbegin.o
__retarget_lock_acquire                           c:/users/lisha/.eide/tools/gcc_arm/bin/../lib/gcc/arm-none-eabi/8.3.1/../../../../arm-none-eabi/lib/thumb/v7-m/nofp\libc.a(lib_a-lock.o)
__retarget_lock_acquire_recursive                 c:/users/lisha/.eide/tools/gcc_arm/bin/../lib/gcc/arm-none-eabi/8.3.1/../../../../arm-none-eabi/lib/thumb/v7-m/nofp\libc.a(lib_a-lock.o)
                                                  c:/users/lisha/.eide/tools/gcc_arm/bin/../lib/gcc/arm-none-eabi/8.3.1/../../../../arm-none-eabi/lib/thumb/v7-m/nofp\libc.a(lib_a-__atexit.o)
                                                  c:/users/lisha/.eide/tools/gcc_arm/bin/../lib/gcc/arm-none-eabi/8.3.1/../../../../arm-none-eabi/lib/thumb/v7-m/nofp\libc.a(lib_a-__call_atexit.o)
__retarget_lock_close                             c:/users/lisha/.eide/tools/gcc_arm/bin/../lib/gcc/arm-none-eabi/8.3.1/../../../../arm-none-eabi/lib/thumb/v7-m/nofp\libc.a(lib_a-lock.o)
__retarget_lock_close_recursive                   c:/users/lisha/.eide/tools/gcc_arm/bin/../lib/gcc/arm-none-eabi/8.3.1/../../../../arm-none-eabi/lib/thumb/v7-m/nofp\libc.a(lib_a-lock.o)
__retarget_lock_init                              c:/users/lisha/.eide/tools/gcc_arm/bin/../lib/gcc/arm-none-eabi/8.3.1/../../../../arm-none-eabi/lib/thumb/v7-m/nofp\libc.a(lib_a-lock.o)
__retarget_lock_init_recursive                    c:/users/lisha/.eide/tools/gcc_arm/bin/../lib/gcc/arm-none-eabi/8.3.1/../../../../arm-none-eabi/lib/thumb/v7-m/nofp\libc.a(lib_a-lock.o)
__retarget_lock_release                           c:/users/lisha/.eide/tools/gcc_arm/bin/../lib/gcc/arm-none-eabi/8.3.1/../../../../arm-none-eabi/lib/thumb/v7-m/nofp\libc.a(lib_a-lock.o)
__retarget_lock_release_recursive                 c:/users/lisha/.eide/tools/gcc_arm/bin/../lib/gcc/arm-none-eabi/8.3.1/../../../../arm-none-eabi/lib/thumb/v7-m/nofp\libc.a(lib_a-lock.o)
                                                  c:/users/lisha/.eide/tools/gcc_arm/bin/../lib/gcc/arm-none-eabi/8.3.1/../../../../arm-none-eabi/lib/thumb/v7-m/nofp\libc.a(lib_a-__atexit.o)
                                                  c:/users/lisha/.eide/tools/gcc_arm/bin/../lib/gcc/arm-none-eabi/8.3.1/../../../../arm-none-eabi/lib/thumb/v7-m/nofp\libc.a(lib_a-__call_atexit.o)
__retarget_lock_try_acquire                       c:/users/lisha/.eide/tools/gcc_arm/bin/../lib/gcc/arm-none-eabi/8.3.1/../../../../arm-none-eabi/lib/thumb/v7-m/nofp\libc.a(lib_a-lock.o)
__retarget_lock_try_acquire_recursive             c:/users/lisha/.eide/tools/gcc_arm/bin/../lib/gcc/arm-none-eabi/8.3.1/../../../../arm-none-eabi/lib/thumb/v7-m/nofp\libc.a(lib_a-lock.o)
__stack                                           c:/users/lisha/.eide/tools/gcc_arm/bin/../lib/gcc/arm-none-eabi/8.3.1/../../../../arm-none-eabi/lib/thumb/v7-m/nofp/crt0.o
_ebss                                             out/./arch/arm/stm32f103c8t6/startup_stm32f10x_md.o
_edata                                            out/./arch/arm/stm32f103c8t6/startup_stm32f10x_md.o
_estack                                           out/./arch/arm/stm32f103c8t6/startup_stm32f10x_md.o
_exit                                             c:/users/lisha/.eide/tools/gcc_arm/bin/../lib/gcc/arm-none-eabi/8.3.1/../../../../arm-none-eabi/lib/thumb/v7-m/nofp\libnosys.a(_exit.o)
                                                  c:/users/lisha/.eide/tools/gcc_arm/bin/../lib/gcc/arm-none-eabi/8.3.1/../../../../arm-none-eabi/lib/thumb/v7-m/nofp\libc.a(lib_a-exit.o)
_fini                                             c:/users/lisha/.eide/tools/gcc_arm/bin/../lib/gcc/arm-none-eabi/8.3.1/thumb/v7-m/nofp/crti.o
                                                  c:/users/lisha/.eide/tools/gcc_arm/bin/../lib/gcc/arm-none-eabi/8.3.1/../../../../arm-none-eabi/lib/thumb/v7-m/nofp\libc.a(lib_a-fini.o)
_global_impure_ptr                                c:/users/lisha/.eide/tools/gcc_arm/bin/../lib/gcc/arm-none-eabi/8.3.1/../../../../arm-none-eabi/lib/thumb/v7-m/nofp\libc.a(lib_a-impure.o)
                                                  c:/users/lisha/.eide/tools/gcc_arm/bin/../lib/gcc/arm-none-eabi/8.3.1/../../../../arm-none-eabi/lib/thumb/v7-m/nofp\libc.a(lib_a-__atexit.o)
                                                  c:/users/lisha/.eide/tools/gcc_arm/bin/../lib/gcc/arm-none-eabi/8.3.1/../../../../arm-none-eabi/lib/thumb/v7-m/nofp\libc.a(lib_a-__call_atexit.o)
                                                  c:/users/lisha/.eide/tools/gcc_arm/bin/../lib/gcc/arm-none-eabi/8.3.1/../../../../arm-none-eabi/lib/thumb/v7-m/nofp\libc.a(lib_a-exit.o)
_impure_ptr                                       c:/users/lisha/.eide/tools/gcc_arm/bin/../lib/gcc/arm-none-eabi/8.3.1/../../../../arm-none-eabi/lib/thumb/v7-m/nofp\libc.a(lib_a-impure.o)
_init                                             c:/users/lisha/.eide/tools/gcc_arm/bin/../lib/gcc/arm-none-eabi/8.3.1/thumb/v7-m/nofp/crti.o
                                                  c:/users/lisha/.eide/tools/gcc_arm/bin/../lib/gcc/arm-none-eabi/8.3.1/../../../../arm-none-eabi/lib/thumb/v7-m/nofp\libc.a(lib_a-init.o)
_mainCRTStartup                                   c:/users/lisha/.eide/tools/gcc_arm/bin/../lib/gcc/arm-none-eabi/8.3.1/../../../../arm-none-eabi/lib/thumb/v7-m/nofp/crt0.o
_sbss                                             out/./arch/arm/stm32f103c8t6/startup_stm32f10x_md.o
_sdata                                            out/./arch/arm/stm32f103c8t6/startup_stm32f10x_md.o
_sidata                                           out/./arch/arm/stm32f103c8t6/startup_stm32f10x_md.o
_start                                            c:/users/lisha/.eide/tools/gcc_arm/bin/../lib/gcc/arm-none-eabi/8.3.1/../../../../arm-none-eabi/lib/thumb/v7-m/nofp/crt0.o
atexit                                            c:/users/lisha/.eide/tools/gcc_arm/bin/../lib/gcc/arm-none-eabi/8.3.1/../../../../arm-none-eabi/lib/thumb/v7-m/nofp\libc.a(lib_a-atexit.o)
                                                  c:/users/lisha/.eide/tools/gcc_arm/bin/../lib/gcc/arm-none-eabi/8.3.1/../../../../arm-none-eabi/lib/thumb/v7-m/nofp\libc.a(lib_a-__call_atexit.o)
                                                  c:/users/lisha/.eide/tools/gcc_arm/bin/../lib/gcc/arm-none-eabi/8.3.1/../../../../arm-none-eabi/lib/thumb/v7-m/nofp/crt0.o
exit                                              c:/users/lisha/.eide/tools/gcc_arm/bin/../lib/gcc/arm-none-eabi/8.3.1/../../../../arm-none-eabi/lib/thumb/v7-m/nofp\libc.a(lib_a-exit.o)
                                                  c:/users/lisha/.eide/tools/gcc_arm/bin/../lib/gcc/arm-none-eabi/8.3.1/../../../../arm-none-eabi/lib/thumb/v7-m/nofp/crt0.o
g_pfnVectors                                      out/./arch/arm/stm32f103c8t6/startup_stm32f10x_md.o
hardware_init_hook                                c:/users/lisha/.eide/tools/gcc_arm/bin/../lib/gcc/arm-none-eabi/8.3.1/../../../../arm-none-eabi/lib/thumb/v7-m/nofp/crt0.o
main                                              out/main.o
                                                  out/./arch/arm/stm32f103c8t6/startup_stm32f10x_md.o
                                                  c:/users/lisha/.eide/tools/gcc_arm/bin/../lib/gcc/arm-none-eabi/8.3.1/../../../../arm-none-eabi/lib/thumb/v7-m/nofp/crt0.o
memset                                            c:/users/lisha/.eide/tools/gcc_arm/bin/../lib/gcc/arm-none-eabi/8.3.1/../../../../arm-none-eabi/lib/thumb/v7-m/nofp\libc.a(lib_a-memset.o)
                                                  c:/users/lisha/.eide/tools/gcc_arm/bin/../lib/gcc/arm-none-eabi/8.3.1/../../../../arm-none-eabi/lib/thumb/v7-m/nofp/crt0.o
software_init_hook                                c:/users/lisha/.eide/tools/gcc_arm/bin/../lib/gcc/arm-none-eabi/8.3.1/../../../../arm-none-eabi/lib/thumb/v7-m/nofp/crt0.o
